=== CONTROLES ===
  OK  el detector de NIVEL no es un cero ni un pleno
      119 de 218 sondas mencionan fila o modulo
  OK  el detector de NIVEL ve los casos CONOCIDOS (mono-cmp mide modulos, tree-cmp filas)
      mono-cmp.mjs,tree-cmp.mjs de mono-cmp.mjs,tree-cmp.mjs
  OK  el detector de UNIVERSO no es un cero ni un pleno
      21 de 218 sondas nombran alguna ruta del lote

=== CARDINALES ===
  sondas                   218
  mencionanNivel           119
  nombranRutaDelLote       21
  cruceQueSIRVE            11

=== SONDAS QUE SIRVEN (nivel + ruta del lote + dos lados) ===
  a-miga.mjs             fila=si modulo=no  rutas: /monitor-calidad-aire /accesorios /software-de-medicion-calidad-del-aire /kunak-api
  c-banda.mjs            fila=si modulo=no  rutas: /kunak-api
  cobertura.mjs          fila=si modulo=si  rutas: /monitor-calidad-aire /accesorios /software-de-medicion-calidad-del-aire /kunak-api
  comportamiento.mjs     fila=si modulo=no  rutas: /monitor-calidad-aire
  d4-pie.mjs             fila=si modulo=si  rutas: /monitor-calidad-aire /accesorios /kunak-api
  d4-suscribete.mjs      fila=si modulo=no  rutas: /monitor-calidad-aire /accesorios /kunak-api
  d4-tipografia.mjs      fila=si modulo=no  rutas: /monitor-calidad-aire /accesorios /kunak-api
  media-colision.mjs     fila=si modulo=no  rutas: /kunak-api
  rsc-original.mjs       fila=si modulo=no  rutas: /monitor-calidad-aire
  ruido.mjs              fila=si modulo=no  rutas: /monitor-calidad-aire /accesorios /software-de-medicion-calidad-del-aire /kunak-api
  slugs.mjs              fila=si modulo=no  rutas: /monitor-calidad-aire /accesorios /kunak-api

=== y los dos lados por separado, para auditar el cero ===
  miden NIVEL pero NO ven mis rutas (86): a-cascaron.mjs a-censo.mjs a-lexical.mjs a-sp13.mjs a-spec.mjs admin-operacion.mjs ancho-cuerpo.mjs artefacto.mjs atributos-censo.mjs barra-cmp.mjs c-bases.mjs c-cascaron.mjs c-spec.mjs cabecera-cmp.mjs …
  ven mis rutas pero NO miden nivel (7): c-cabecera.mjs c-cmp.mjs c1-localiza.mjs cms-campos.mjs d123-flujo.mjs estados-390.mjs pagina-propia.mjs
  nivel + rutas pero NO dos lados (1): mono-inline.mjs

VEREDICTO: valida
