==============================================================================
131.ª · PASO 0 punto 4 — el ALCANCE del daño en la línea base de la 129.ª
==============================================================================

## @1440
   antes:   productos-cmp-1440-2026-08-31.json   distintos=43
   después: productos-cmp-1440-2026-08-31-srcset-cerrado.json   distintos=43
   ⚠ el TITULAR no discrimina: 43 → 43
   pares comparables: 128 | ACERCA 3 · ALEJA 49 · igual 76 · sólo-antes 0 · sólo-después 49
   ➜ tocados 52 de 128 = 40.6 %
      · CREA  49  — pares que la congelada de antes NO TENÍA: cobertura nueva, NO daño
      · MUEVE 3  — el ALCANCE REAL del daño: 3 acercan · 0 alejan
   los 12 mayores movimientos:
      /software-de-medicion-calidad-del-aire|fila|fila3|-|h      |Δ|    1671.6 →     34.65   (orig 3871.56 → 5577.81)
      /monitor-calidad-aire|fila|fila3|-|h                       |Δ|    576.78 →     50.63   (orig 5079.38 → 5605.53)
      /accesorios|fila|fila5|-|h                                 |Δ|    303.32 →        12   (orig 4835.06 → 5126.38)
      /accesorios|modulo|fila5|2|h                               |Δ|         0 →        70   (orig null → 389)
      /software-de-medicion-calidad-del-aire|modulo|fila3|32|h   |Δ|         0 →     64.36   (orig null → 430.86)
      /accesorios|modulo|fila5|1|h                               |Δ|         0 →        57   (orig null → 33)
      /accesorios|modulo|fila4|6|mb                              |Δ|         0 →        48   (orig null → 0)
      /accesorios|modulo|fila5|10|mb                             |Δ|         0 →        48   (orig null → 0)
      /software-de-medicion-calidad-del-aire|modulo|fila3|4|h    |Δ|         0 →        32   (orig null → 79)
      /software-de-medicion-calidad-del-aire|modulo|fila3|14|h   |Δ|         0 →        32   (orig null → 79)
      /software-de-medicion-calidad-del-aire|modulo|fila3|31|h   |Δ|         0 →        32   (orig null → 79)
      /accesorios|modulo|fila4|0|mb                              |Δ|         0 →     31.67   (orig null → 31.67)

## @390
   antes:   productos-cmp-390-2026-08-31.json   distintos=49
   después: productos-cmp-390-2026-08-31-srcset-cerrado.json   distintos=49
   ⚠ el TITULAR no discrimina: 49 → 49
   pares comparables: 127 | ACERCA 2 · ALEJA 57 · igual 68 · sólo-antes 0 · sólo-después 55
   ➜ tocados 59 de 127 = 46.5 %
      · CREA  55  — pares que la congelada de antes NO TENÍA: cobertura nueva, NO daño
      · MUEVE 4  — el ALCANCE REAL del daño: 2 acercan · 2 alejan
   los 12 mayores movimientos:
      /software-de-medicion-calidad-del-aire|fila|fila3|-|h      |Δ|   2765.36 →     24.64   (orig 7607.92 → 10397.92)
      /monitor-calidad-aire|fila|fila3|-|h                       |Δ|    134.88 →    324.88   (orig 9617.13 → 9807.13)
      /accesorios|fila|fila5|-|h                                 |Δ|    781.41 →       634   (orig 8731.28 → 8878.69)
      /accesorios|modulo|fila5|4|h                               |Δ|         0 →    118.82   (orig null → 920.06)
      /accesorios|modulo|fila4|3|h                               |Δ|         0 →    118.81   (orig null → 1274.78)
      /accesorios|modulo|fila5|5|h                               |Δ|         0 →     88.22   (orig null → 944.66)
      /accesorios|modulo|fila5|6|h                               |Δ|         0 →     88.22   (orig null → 1024.84)
      /accesorios|modulo|fila4|4|h                               |Δ|         0 →        84   (orig null → 751.91)
      /accesorios|modulo|fila4|5|h                               |Δ|         0 →        84   (orig null → 690.72)
      /accesorios|modulo|fila5|2|h                               |Δ|         0 →        84   (orig null → 1086.06)
      /accesorios|modulo|fila5|3|h                               |Δ|         0 →        84   (orig null → 1304.44)
      /accesorios|modulo|fila5|8|h                               |Δ|         0 →        84   (orig null → 1123.66)

## CONTROLES
   ✅ @1440 · el DESPUÉS es POSTERIOR al ANTES
        2026-08-31T18:19:26.786Z → 2026-08-31T19:56:17.150Z
   ✅ @390 · el DESPUÉS es POSTERIOR al ANTES
        2026-08-31T18:31:15.333Z → 2026-08-31T19:58:09.626Z
   ✅ §sondas 4bis · pares COMPARADOS > 0 (0 comparado no puede salir verde)
        255 pares

congelado: docs/research/cola-larga/derivaciones/base-129-caducada-131.json
==============================================================================
