
═══ hubs-KB — 7 HTML capturados
    hojas enlazadas (distintas, sumadas): 49 · capturadas: 35 · FALTAN: 14
    páginas con TODAS sus hojas: 0/7
    de las que faltan, et-cache (una por página/plantilla): 14
    5/7  /es/centro-de-ayuda/kunak-air-cloud/
    5/7  /es/centro-de-ayuda/kunak-air/
    5/7  /es/centro-de-ayuda/kunak-air/articulos-de-ayuda/
    5/7  /es/centro-de-ayuda/kunak-air/video-tutoriales/
    5/7  /es/soporte/centro-de-ayuda/
    5/7  /es/soporte/centro-de-ayuda/kunak-air-cloud/articulos-de-ayuda/
    5/7  /es/soporte/centro-de-ayuda/kunak-air-cloud/video-tutoriales/

═══ hubs-L4 — 6 HTML capturados
    hojas enlazadas (distintas, sumadas): 43 · capturadas: 43 · FALTAN: 0
    páginas con TODAS sus hojas: 6/6
    de las que faltan, et-cache (una por página/plantilla): 0
    7/7  /es/productos/
    7/7  /es/sectores/
    7/7  /es/recursos/
    7/7  /es/recursos/kunakpedia/
    7/7  /es/recursos/documentos-cientificos/
    8/8  /es/recursos/preguntas-frecuentes/

═══ sueltas — 19 HTML capturados
    hojas enlazadas (distintas, sumadas): 133 · capturadas: 97 · FALTAN: 36
    páginas con TODAS sus hojas: 0/19
    de las que faltan, et-cache (una por página/plantilla): 36
    5/8  /es/aviso-legal/
    5/7  /es/contacto/
    5/6  /es/descarga-catalogo/
    5/7  /es/empresa/
    5/7  /es/empresa/premios-y-reconocimientos/
    5/7  /es/informe-tecnico-control-de-la-calidad-del-aire-en-ciudades/
    5/7  /es/informe-tecnico-control-de-la-calidad-del-aire-en-industria/
    5/7  /es/informe-tecnico-control-de-la-calidad-del-aire-en-las-minas/
    5/7  /es/informe-tecnico-control-de-la-calidad-del-aire-en-obras/
    5/7  /es/informe-tecnico-control-de-la-calidad-del-aire-en-puertos/
    5/7  /es/newsletter/
    5/7  /es/politica-de-cookies/
    5/7  /es/politica-de-privacidad-y-de-proteccion-de-datos/
    6/7  /es/politica-de-seguridad-de-la-informacion/
    6/7  /es/redes-hibridas-de-calidad-del-aire-grabacion-webinar/
    5/7  /es/sistema-interno-de-informacion/
    5/7  /es/soporte/
    5/7  /es/soporte/servicio-de-reparacion/
    5/7  /es/suscribete/
