############ ESCALÓN 2 · ENTREGA · 2026-09-05T13:43:42Z ############
imagen: ai-website-cloner:145-publicfix

======== 0 · ESTADO DE PARTIDA (P2: el control ANTES) ========
  [antes] load=0.08, 0.09, 0.09
  [antes] build_procs=0
  [antes] load_procs=27

======== 1 · EMPAQUETAR (docker save | gzip) ========
exit_docker_save=0
t_empaquetado_s=96
bytes=1499552997
MiB=1430.09
GiB=1.397

-- completitud POR EL FORMATO (§regla 66) --
gzip -t: OK
-- huella del contenido --
sha256_local=f29478c542a3417ce84ed700915fb090514d9b3ce69789bc00532f79673f0e0a

======== 2 · TRANSFERIR (scp) ========
  [pre-scp] load=0.12, 0.10, 0.09
  [pre-scp] build_procs=0
  [pre-scp] load_procs=27
exit_scp=0
t_scp_s=85
ancho_subida_MiBps=16.82
ancho_subida_Mbps=141.1

======== 3 · VERIFICAR EN EL DESTINO (los dos canales) ========
bytes_remoto=1499552997
gzip_t=OK
sha256_remoto=f29478c542a3417ce84ed700915fb090514d9b3ce69789bc00532f79673f0e0a
sha256_local  =f29478c542a3417ce84ed700915fb090514d9b3ce69789bc00532f79673f0e0a   <- para comparar a la vista (§sondas 1: los dos lados)

======== 4 · CARGAR (docker load) ========
  [pre-load] load=0.47, 0.19, 0.12
  [pre-load] build_procs=0
  [pre-load] load_procs=27
Loaded image: ai-website-cloner:145-publicfix
t_load_s=43
  [post-load] load=1.29, 0.46, 0.22
  [post-load] build_procs=0
  [post-load] load_procs=27

-- ¿está la imagen en el VPS? --
ai-website-cloner:145-publicfix fa813d4a6050 1.84GB

######## RESUMEN ########
t_empaquetado_s=96  t_scp_s=85  t_load_s=43  t_total_s=255
############ FIN ENTREGA ############
