=== CONTROLES ===
  OK  CONTROL EN NEGATIVO · el detector de ORDINAL distingue ordinal de tipo-de-columna y de gutters
      .et_pb_text_4⇒true(esperado true) · .et_pb_button_0_wrapper⇒true(esperado true) · .et_pb_section_0⇒true(esperado true) · .et_pb_column_1_2⇒false(esperado false) · .et_pb_gutters3 .et_pb_module⇒false(esperado false) · .kunak-faq-item⇒false(esperado false)
  OK  CONTROL EN NEGATIVO §regla 36 · sujeto/contexto/no-aparece se distinguen
      3 selectores conocidos
  OK  §regla 32 · las hojas se resolvieron TODAS
      30/30
  OK  §regla 32 · reparto de assets POR DOCUMENTO (asimetría fabricaría varianza)
      monitor-calidad-aire hojas 8/8 img 75/75 · accesorios hojas 8/8 img 23/23 · software-de-medicion-calidad-del-aire hojas 7/7 img 42/42 · kunak-api hojas 7/7 img 22/22
  OK  PRECONDICIÓN DE LECTURA · los 3 documentos son BUILDER (si no, el veredicto de varianza se invierte)
      3/3 `B-`
  OK  el censo DISCRIMINA (ni cero compartidos ni pleno)
      7 compartidos · 11 singleton de 18
  OK  CONTROL POR CASO CONOCIDO · el discriminador ESTRUCTURAL separa `iconos-xs-2` (es la regla :last-child) de `menu-anclas` (es el editor)
      iconos-xs-2 estructural=true ({"monitor-calidad-aire":[31.6719],"kunak-api":[0,31.6719]}) · menu-anclas estructural=false ordinal=true
  OK  el clasificador DISCRIMINA (>=3 veredictos distintos, ni cero ni pleno)
      CAMPO 2 · PLANTILLA 10 · SIN ESCRIBIR 40 · SIN PROBAR 0 de 52
  OK  PRE-REGISTRO · mitad A · TAUTOLÓGICA en el lote (los 46 se definen aquí) — 0 separadoras por construcción, no adjudica
      0 de 46, que es el único valor posible en este dominio
  OK  PRE-REGISTRO · mitad B por EXCESO: PLANTILLA en <90 % de los 46 (un pleno sería el reset genérico, §sondas 4)
      6 de 46
  OK  CONTROL (a) LA MEDIDA · los valores de los 6 pares de la 125.ª REPRODUCEN al conjunto
      rehacibles 6 de 6 · misma medida 6 · degenerados 0
  OK  CONTROL (b) EL VEREDICTO · de los 6 CAMPO de la 125.ª, 2 siguen CAMPO y 4 se RECLASIFICAN
      iconos-xs-2|1440|marginBottom → PLANTILLA [varianza ESTRUCTURAL (0 de una pseudo-clase), sin ordinal ⇒ no es campo · pata 2 · cascada · selector GENÉRICO] · iconos-xs-2|390|marginBottom → PLANTILLA [varianza ESTRUCTURAL (0 de una pseudo-clase), sin ordinal ⇒ no es campo · pata 2 · cascada · selector GENÉRICO] · iconos-md-3|1440|marginBottom → PLANTILLA [varianza ESTRUCTURAL (0 de una pseudo-clase), sin ordinal ⇒ no es campo · pata 2 · cascada · selector GENÉRICO] · iconos-md-3|390|marginBottom → PLANTILLA [varianza ESTRUCTURAL (0 de una pseudo-clase), sin ordinal ⇒ no es campo · pata 2 · cascada · selector GENÉRICO]
  OK  §regla 1 · la cascada es COHERENTE con el computado en la mayoría de los pares que la tienen
      52/52 coherentes

=== ALCANCE Y MODO ===
  dominio: lote
  documentos: monitor-calidad-aire · accesorios · software-de-medicion-calidad-del-aire · kunak-api
  anchos: 1440 · 390   ·   ejes: marginTop · marginBottom · paddingTop · paddingBottom
  criterio de recuento: nodos CON CAJA (w>0 y h>0) — el mismo de la 125.ª
  hojas: 30/30
  ⇒ CORRIDA VÁLIDA

=== CENSO CON SU DENOMINADOR (§punto 4: en cuántos de los 3 aparece) ===
  4/4  breadcrumbs              instancias: monitor-calida=1 accesorios=1 software-de-me=1 kunak-api=1
  4/4  bucle-entradas           instancias: monitor-calida=1 accesorios=1 software-de-me=1 kunak-api=1
  4/4  kunak-faq-item           instancias: monitor-calida=19 accesorios=19 software-de-me=19 kunak-api=19
  3/4  menu-anclas              instancias: monitor-calida=1 accesorios=2 software-de-me=1 kunak-api=0
  2/4  iconos-xs-2              instancias: monitor-calida=18 accesorios=0 software-de-me=0 kunak-api=12
  2/4  iconos-md-3              instancias: monitor-calida=6 accesorios=0 software-de-me=0 kunak-api=12
  2/4  modulo-beneficios        instancias: monitor-calida=9 accesorios=0 software-de-me=6 kunak-api=0
  1/4  iconos-md-6              instancias: monitor-calida=12 accesorios=0 software-de-me=0 kunak-api=0
  1/4  parametros               instancias: monitor-calida=1 accesorios=0 software-de-me=0 kunak-api=0
  1/4  clear-both               instancias: monitor-calida=1 accesorios=0 software-de-me=0 kunak-api=0
  1/4  dvmd_table_maker         instancias: monitor-calida=1 accesorios=0 software-de-me=0 kunak-api=0
  1/4  dvmd_table_maker_0       instancias: monitor-calida=1 accesorios=0 software-de-me=0 kunak-api=0
  1/4  dvmd_tm_version_4_0_1    instancias: monitor-calida=1 accesorios=0 software-de-me=0 kunak-api=0
  1/4  iconos-certificicados    instancias: monitor-calida=1 accesorios=0 software-de-me=0 kunak-api=0
  1/4  clear                    instancias: monitor-calida=1 accesorios=0 software-de-me=0 kunak-api=0
  1/4  galeria                  instancias: monitor-calida=1 accesorios=0 software-de-me=0 kunak-api=0
  1/4  lista-resultados         instancias: monitor-calida=1 accesorios=0 software-de-me=0 kunak-api=0
  1/4  iconos-md-2              instancias: monitor-calida=0 accesorios=0 software-de-me=16 kunak-api=0
  compartidos 7 · singleton 11 · total 18

=== REPARTO DE VEREDICTOS (unidad: par marcador × ancho × eje) ===
  pares evaluables: 52
    CAMPO         2
    PLANTILLA     10
    SIN ESCRIBIR  40
    SIN PROBAR    0

=== LOS CAMPO, con la varianza o la cascada que los sostiene ===
  ★ menu-anclas @1440 marginBottom  (3/4 docs) — pata 1 · varianza inter-instancia
        monitor-calidad-aire                       [31.6719]
        accesorios                                 [0,27.2]
        software-de-medicion-calidad-del-aire      [27.2]
        selector: .et-db #et-boc .et-l .et_pb_gutters3.et_pb_row .et_pb_column_1_4 .et_pb_module, .et_pb_gutters3.et-db #et-boc .et-l .et_pb_column_1_4 .et_pb_module | .et-db #et-boc .et-l .et_pb_text_7 | .et-db #et-boc .et-l .et_pb_section.et_section_specialty div.et_pb_row .et_pb_column .et_pb_column .et_pb_module.et-last-child, .et-db #et-boc .et-l .et_pb_section.et_section_specialty div.et_pb_row .et_pb_column .et_pb_column .et_pb_module:last-child, .et-db #et-boc .et-l .et_pb_section.et_section_specialty div.et_pb_row .et_pb_column .et_pb_row_inner .et_pb_column .et_pb_module.et-last-child, .et-db #et-boc .et-l .et_pb_section.et_section_specialty div.et_pb_row .et_pb_column .et_pb_row_inner .et_pb_column .et_pb_module:last-child, .et-db #et-boc .et-l .et_pb_section div.et_pb_row .et_pb_column .et_pb_module.et-last-child, .et-db #et-boc .et-l .et_pb_section div.et_pb_row .et_pb_column .et_pb_module:last-child | .et-db #et-boc .et-l .et_pb_text_14  ·  13.174%,1.7rem !important,0px  ·  @media: (min-width: 981px)
  ★ menu-anclas @1440 paddingTop  (3/4 docs) — pata 1 · varianza inter-instancia
        monitor-calidad-aire                       [0]
        accesorios                                 [0,17]
        software-de-medicion-calidad-del-aire      [17]
        selector: a, abbr, acronym, address, applet, b, big, blockquote, body, center, cite, code, dd, del, dfn, div, dl, dt, em, fieldset, font, form, h1, h2, h3, h4, h5, h6, html, i, iframe, img, ins, kbd, label, legend, li, object, ol, p, pre, q, s, samp, small, span, strike, strong, sub, sup, tt, u, ul, var | .et-db #et-boc .et-l .et_pb_text_7 | .et-db #et-boc .et-l .et_pb_text_14  ·  0px,1em !important  ·  @media: no

=== VARIANZA ESTRUCTURAL — existe y NO la escribió nadie (el hallazgo de la 127.ª) ===
  4 pares de 52: los conjuntos difieren SÓLO en el valor que declara
  una pseudo-clase estructural, y NINGÚN selector ganador lleva ordinal ⇒ no es campo.
  ◇ iconos-xs-2 @1440 marginBottom → PLANTILLA
        {"monitor-calidad-aire":[31.6719],"kunak-api":[0,31.6719]}   valor(es) estructural(es): 0
  ◇ iconos-xs-2 @390 marginBottom → PLANTILLA
        {"monitor-calidad-aire":[30],"kunak-api":[0,30]}   valor(es) estructural(es): 0
  ◇ iconos-md-3 @1440 marginBottom → PLANTILLA
        {"monitor-calidad-aire":[31.6719],"kunak-api":[0,31.6719]}   valor(es) estructural(es): 0
  ◇ iconos-md-3 @390 marginBottom → PLANTILLA
        {"monitor-calidad-aire":[30],"kunak-api":[0,30]}   valor(es) estructural(es): 0

=== LOS PLANTILLA, cada uno CON SU SEGUNDA PATA (§punto 3) ===
  ▣ iconos-xs-2 @1440 marginBottom  (2/4 docs)
        valores: {"monitor-calidad-aire":[31.6719],"kunak-api":[0,31.6719]}
        selector GENÉRICO: .et-db #et-boc .et-l .et_pb_gutters3.et_pb_row .et_pb_column_1_2 .et_pb_module, .et_pb_gutters3.et-db #et-boc .et-l .et_pb_column_1_2 .et_pb_module | .et-db #et-boc .et-l .et_pb_gutters3.et_pb_row .et_pb_column_2_3 .et_pb_module, .et_pb_gutters3.et-db #et-boc .et-l .et_pb_column_2_3 .et_pb_module | .et-db #et-boc .et-l .et_pb_section.et_section_specialty div.et_pb_row .et_pb_column .et_pb_column .et_pb_module.et-last-child, .et-db #et-boc .et-l .et_pb_section.et_section_specialty div.et_pb_row .et_pb_column .et_pb_column .et_pb_module:last-child, .et-db #et-boc .et-l .et_pb_section.et_section_specialty div.et_pb_row .et_pb_column .et_pb_row_inner .et_pb_column .et_pb_module.et-last-child, .et-db #et-boc .et-l .et_pb_section.et_section_specialty div.et_pb_row .et_pb_column .et_pb_row_inner .et_pb_column .et_pb_module:last-child, .et-db #et-boc .et-l .et_pb_section div.et_pb_row .et_pb_column .et_pb_module.et-last-child, .et-db #et-boc .et-l .et_pb_section div.et_pb_row .et_pb_column .et_pb_module:last-child | .et-db #et-boc .et-l .et_pb_gutters3.et_pb_row .et_pb_column_3_4 .et_pb_module, .et_pb_gutters3.et-db #et-boc .et-l .et_pb_column_3_4 .et_pb_module
        unidad declarada: %,px  ·  valor: 5.82%,4.242%,0px,3.735%
        @media: (min-width: 981px)  ·  origen: regular
  ▣ iconos-xs-2 @390 marginBottom  (2/4 docs)
        valores: {"monitor-calidad-aire":[30],"kunak-api":[0,30]}
        selector GENÉRICO: .et-db #et-boc .et-l .et_pb_column .et_pb_module | .et-db #et-boc .et-l .et_pb_row .et_pb_column .et_pb_module.et-last-child, .et-db #et-boc .et-l .et_pb_row .et_pb_column .et_pb_module:last-child, .et-db #et-boc .et-l .et_section_specialty .et_pb_row .et_pb_column .et_pb_module.et-last-child, .et-db #et-boc .et-l .et_section_specialty .et_pb_row .et_pb_column .et_pb_module:last-child
        unidad declarada: px  ·  valor: 30px,0px
        @media: (max-width: 980px)  ·  origen: regular
  ▣ iconos-md-3 @1440 marginBottom  (2/4 docs)
        valores: {"monitor-calidad-aire":[31.6719],"kunak-api":[0,31.6719]}
        selector GENÉRICO: .et-db #et-boc .et-l .et_pb_gutters3.et_pb_row .et_pb_column_2_3 .et_pb_module, .et_pb_gutters3.et-db #et-boc .et-l .et_pb_column_2_3 .et_pb_module | .et-db #et-boc .et-l .et_pb_section.et_section_specialty div.et_pb_row .et_pb_column .et_pb_column .et_pb_module.et-last-child, .et-db #et-boc .et-l .et_pb_section.et_section_specialty div.et_pb_row .et_pb_column .et_pb_column .et_pb_module:last-child, .et-db #et-boc .et-l .et_pb_section.et_section_specialty div.et_pb_row .et_pb_column .et_pb_row_inner .et_pb_column .et_pb_module.et-last-child, .et-db #et-boc .et-l .et_pb_section.et_section_specialty div.et_pb_row .et_pb_column .et_pb_row_inner .et_pb_column .et_pb_module:last-child, .et-db #et-boc .et-l .et_pb_section div.et_pb_row .et_pb_column .et_pb_module.et-last-child, .et-db #et-boc .et-l .et_pb_section div.et_pb_row .et_pb_column .et_pb_module:last-child | .et-db #et-boc .et-l .et_pb_gutters3.et_pb_row .et_pb_column_3_4 .et_pb_module, .et_pb_gutters3.et-db #et-boc .et-l .et_pb_column_3_4 .et_pb_module
        unidad declarada: %,px  ·  valor: 4.242%,0px,3.735%
        @media: (min-width: 981px)  ·  origen: regular
  ▣ iconos-md-3 @390 marginBottom  (2/4 docs)
        valores: {"monitor-calidad-aire":[30],"kunak-api":[0,30]}
        selector GENÉRICO: .et-db #et-boc .et-l .et_pb_column .et_pb_module | .et-db #et-boc .et-l .et_pb_row .et_pb_column .et_pb_module.et-last-child, .et-db #et-boc .et-l .et_pb_row .et_pb_column .et_pb_module:last-child, .et-db #et-boc .et-l .et_section_specialty .et_pb_row .et_pb_column .et_pb_module.et-last-child, .et-db #et-boc .et-l .et_section_specialty .et_pb_row .et_pb_column .et_pb_module:last-child
        unidad declarada: px  ·  valor: 30px,0px
        @media: (max-width: 980px)  ·  origen: regular
  ▣ modulo-beneficios @1440 marginBottom  (2/4 docs)
        valores: {"monitor-calidad-aire":[31.6719],"software-de-medicion-calidad-del-aire":[31.6719]}
        selector GENÉRICO: .et-db #et-boc .et-l .et_pb_gutters3.et_pb_row .et_pb_column_3_4 .et_pb_module, .et_pb_gutters3.et-db #et-boc .et-l .et_pb_column_3_4 .et_pb_module | .et-db #et-boc .et-l .et_pb_gutters3.et_pb_row .et_pb_column_2_3 .et_pb_module, .et_pb_gutters3.et-db #et-boc .et-l .et_pb_column_2_3 .et_pb_module
        unidad declarada: %  ·  valor: 3.735%,4.242%
        @media: (min-width: 981px)  ·  origen: regular
  ▣ modulo-beneficios @390 marginBottom  (2/4 docs)
        valores: {"monitor-calidad-aire":[30],"software-de-medicion-calidad-del-aire":[30]}
        selector GENÉRICO: .et-db #et-boc .et-l .et_pb_column .et_pb_module
        unidad declarada: px  ·  valor: 30px
        @media: (max-width: 980px)  ·  origen: regular
  ▣ kunak-faq-item @1440 paddingTop  (4/4 docs)
        valores: {"monitor-calidad-aire":[17],"accesorios":[17],"software-de-medicion-calidad-del-aire":[17],"kunak-api":[17]}
        selector GENÉRICO: .kunak-faq-item
        unidad declarada: px  ·  valor: 17px
        @media: all  ·  origen: regular
  ▣ kunak-faq-item @1440 paddingBottom  (4/4 docs)
        valores: {"monitor-calidad-aire":[17],"accesorios":[17],"software-de-medicion-calidad-del-aire":[17],"kunak-api":[17]}
        selector GENÉRICO: .kunak-faq-item
        unidad declarada: px  ·  valor: 17px
        @media: all  ·  origen: regular
  ▣ kunak-faq-item @390 paddingTop  (4/4 docs)
        valores: {"monitor-calidad-aire":[17],"accesorios":[17],"software-de-medicion-calidad-del-aire":[17],"kunak-api":[17]}
        selector GENÉRICO: .kunak-faq-item
        unidad declarada: px  ·  valor: 17px
        @media: all  ·  origen: regular
  ▣ kunak-faq-item @390 paddingBottom  (4/4 docs)
        valores: {"monitor-calidad-aire":[17],"accesorios":[17],"software-de-medicion-calidad-del-aire":[17],"kunak-api":[17]}
        selector GENÉRICO: .kunak-faq-item
        unidad declarada: px  ·  valor: 17px
        @media: all  ·  origen: regular

=== CRUCE CONTRA LOS 46 SIN PROBAR DEL LOTE ===
  resueltos aquí (CAMPO o PLANTILLA): 6 de 46
  siguen abiertos:                    40 de 46
     40  SIN ESCRIBIR · único valor observado = el inicial de la propiedad
      6  PLANTILLA · pata 2 · cascada · selector GENÉRICO

    ✔ modulo-beneficios|1440|marginBottom  → PLANTILLA  (pata 2 · cascada · selector GENÉRICO)
    ✔ modulo-beneficios|390|marginBottom  → PLANTILLA  (pata 2 · cascada · selector GENÉRICO)
    ✔ kunak-faq-item|1440|paddingTop  → PLANTILLA  (pata 2 · cascada · selector GENÉRICO)
    ✔ kunak-faq-item|1440|paddingBottom  → PLANTILLA  (pata 2 · cascada · selector GENÉRICO)
    ✔ kunak-faq-item|390|paddingTop  → PLANTILLA  (pata 2 · cascada · selector GENÉRICO)
    ✔ kunak-faq-item|390|paddingBottom  → PLANTILLA  (pata 2 · cascada · selector GENÉRICO)

=== CONTROL · ¿reproducen los 6 CAMPO de la 125.ª? ===
  ··  iconos-xs-2|1440|marginBottom  → PLANTILLA
  ··  iconos-xs-2|390|marginBottom  → PLANTILLA
  ··  iconos-md-3|1440|marginBottom  → PLANTILLA
  ··  iconos-md-3|390|marginBottom  → PLANTILLA
  OK  menu-anclas|1440|marginBottom  → CAMPO
  OK  menu-anclas|1440|paddingTop  → CAMPO

=== DOMINIO NUEVO — pares que el lote NO tenía ===
  0 pares nuevos de 52 evaluables

=== SIN PROBAR — con su cardinal, y NO se cablean (§punto 5) ===
  0 pares SIN PROBAR · 40 SIN ESCRIBIR · 11 marcadores singleton (no establecidos, denominador 18)

=== MODO SIN EMPAREJAR (128.ª) · unidad = documento × marcador × ancho × eje ===
  244 filas · reparto PLANTILLA=51 · SIN ESCRIBIR=193
  filas que NINGÚN par cubría: 88 · PLANTILLA=18 · SIN ESCRIBIR=70

  por documento:
    monitor-calidad-aire                       PLANTILLA=27 · SIN ESCRIBIR=105
    accesorios                                 PLANTILLA=6 · SIN ESCRIBIR=22
    software-de-medicion-calidad-del-aire      PLANTILLA=10 · SIN ESCRIBIR=34
    kunak-api                                  PLANTILLA=8 · SIN ESCRIBIR=32

  cruce contra el emparejamiento (antes → ahora):
    CAMPO → PLANTILLA                                    5
    CAMPO → SIN ESCRIBIR                                 1
    PLANTILLA → PLANTILLA                                28
    SIN ESCRIBIR → SIN ESCRIBIR                          122
    SIN MEDIR (no entraba en ningún par) → PLANTILLA     18
    SIN MEDIR (no entraba en ningún par) → SIN ESCRIBIR  70

  MOVIDAS (el par decía otra cosa): 6
    monitor-calidad-aire    menu-anclas          1440  marginBottom   → PLANTILLA  (pata 2 · cascada · selector GENÉRICO)
    monitor-calidad-aire    menu-anclas          1440  paddingTop     → SIN ESCRIBIR  (único valor observado = el inicial de la propiedad)
    accesorios              menu-anclas          1440  marginBottom   → PLANTILLA  (pata 2 · cascada · selector GENÉRICO)
    accesorios              menu-anclas          1440  paddingTop     → PLANTILLA  (pata 2 · cascada · selector GENÉRICO)
    software-de-medicion-c  menu-anclas          1440  marginBottom   → PLANTILLA  (pata 2 · cascada · selector GENÉRICO)
    software-de-medicion-c  menu-anclas          1440  paddingTop     → PLANTILLA  (pata 2 · cascada · selector GENÉRICO)

  P2b · los CAMPO por PATA 1 (varianza ENTRE ARQUETIPOS), re-adjudicados por cascada sola: 6 filas
    monitor-calidad-aire    menu-anclas    1440  marginBottom   CAMPO (pata 1) → PLANTILLA  ordinalPropio=false
    accesorios              menu-anclas    1440  marginBottom   CAMPO (pata 1) → PLANTILLA  ordinalPropio=false
    software-de-medicion-c  menu-anclas    1440  marginBottom   CAMPO (pata 1) → PLANTILLA  ordinalPropio=false
    monitor-calidad-aire    menu-anclas    1440  paddingTop     CAMPO (pata 1) → SIN ESCRIBIR  ordinalPropio=false
    accesorios              menu-anclas    1440  paddingTop     CAMPO (pata 1) → PLANTILLA  ordinalPropio=false
    software-de-medicion-c  menu-anclas    1440  paddingTop     CAMPO (pata 1) → PLANTILLA  ordinalPropio=false
