=== CONTROLES ===
  RED hay hojas capturadas en corpus/css (si no, el cero seria del resolutor)
      0 ficheros .css en corpus/css
  RED el resolutor casa en el CONTRASTE (corpus/fase-3, que f33-cmp ya usa)
      fase-3: 0 de 2908 hojas resueltas en 256 docs
  OK  el detector de <link rel=stylesheet> no da cero en el lote
      productos: 171 hojas pedidas en 24 docs

=== HOJAS: el LOTE contra el CONTRASTE ===
  directorio           docs  pedidas  capturadas  docs-con-0
  corpus/productos       24      171           0          24
  corpus/fase-3         256     2908           0         256

=== DETALLE del lote ===
  0/8  accesorios.html   faltan: module-style.css zebra_tooltips.min.css front.min.css …
  0/7  cartuchos-inteligentes/amoniaco.html   faltan: module-style.css zebra_tooltips.min.css front.min.css …
  0/7  cartuchos-inteligentes/cianuro-de-hidrogeno.html   faltan: module-style.css zebra_tooltips.min.css front.min.css …
  0/7  cartuchos-inteligentes/cloro-dioxido-de-cloro.html   faltan: module-style.css zebra_tooltips.min.css front.min.css …
  0/7  cartuchos-inteligentes/cloruro-de-hidrogeno.html   faltan: module-style.css zebra_tooltips.min.css front.min.css …
  0/7  cartuchos-inteligentes/compuestos-organicos-volatiles.html   faltan: module-style.css zebra_tooltips.min.css front.min.css …
  0/7  cartuchos-inteligentes/dioxido-de-azufre.html   faltan: module-style.css zebra_tooltips.min.css front.min.css …
  0/7  cartuchos-inteligentes/dioxido-de-carbono.html   faltan: module-style.css zebra_tooltips.min.css front.min.css …
  0/7  cartuchos-inteligentes/dioxido-de-nitrogeno.html   faltan: module-style.css zebra_tooltips.min.css front.min.css …
  0/7  cartuchos-inteligentes/fluoruro-de-hidrogeno.html   faltan: module-style.css zebra_tooltips.min.css front.min.css …
  0/7  cartuchos-inteligentes/hidrocarburos-no-metanicos.html   faltan: module-style.css zebra_tooltips.min.css front.min.css …
  0/7  cartuchos-inteligentes/monoxido-de-carbono.html   faltan: module-style.css zebra_tooltips.min.css front.min.css …
  0/7  cartuchos-inteligentes/oxido-nitrico.html   faltan: module-style.css zebra_tooltips.min.css front.min.css …
  0/7  cartuchos-inteligentes/oxigeno.html   faltan: module-style.css zebra_tooltips.min.css front.min.css …
  0/7  cartuchos-inteligentes/ozono.html   faltan: module-style.css zebra_tooltips.min.css front.min.css …
  0/7  cartuchos-inteligentes/particulas-en-suspension.html   faltan: module-style.css zebra_tooltips.min.css front.min.css …
  0/7  cartuchos-inteligentes/sensor-particulas-ultrafinas.html   faltan: module-style.css zebra_tooltips.min.css front.min.css …
  0/7  cartuchos-inteligentes/sulfuro-de-hidrogeno.html   faltan: module-style.css zebra_tooltips.min.css front.min.css …
  0/7  estacion-de-monitoreo-de-calidad-del-aire.html   faltan: module-style.css zebra_tooltips.min.css front.min.css …
  0/7  kunak-api.html   faltan: module-style.css zebra_tooltips.min.css front.min.css …
  0/8  monitor-calidad-aire.html   faltan: module-style.css zebra_tooltips.min.css front.min.css …
  0/7  sensor-de-calidad-del-aire/metano.html   faltan: module-style.css zebra_tooltips.min.css front.min.css …
  0/8  sensor-de-calidad-del-aire.html   faltan: module-style.css zebra_tooltips.min.css front.min.css …
  0/7  software-de-medicion-calidad-del-aire.html   faltan: module-style.css zebra_tooltips.min.css front.min.css …

VEREDICTO DEL INSTRUMENTO: NULA — control en rojo
PRECONDICION DEL ESCALON 1: NO CUMPLE — faltan 171 de 171 hojas, hace falta RED
