############ PASO 0 · 148.ª · 2026-09-05T13:36:59Z ############

======== 1 · EL ÁRBOL ========
333a370 feat: 147.ª ESCALÓN 3 + CIERRE · CMS-11 reenunciada — la entrega no es el problema, y lo que queda abierto ya no es el tamaño sino el ENTORNO de Easypanel
worktree limpio: NO

======== 2 · CENSO DEL VPS (con denominador) ========
-- host --
srv1066825
núcleos: 2
-- memoria (MB) --
total=7940 usado=3202 libre=2503 disponible=4738
-- carga --
load average: 0.04, 0.04, 0.08
-- disco --
total=96G usado=18G libre=78G uso=19%

-- contenedores --
docker ps -a  : 45
corriendo     : 25
parados       : 20

-- servicios swarm (la unidad correcta: un servicio != un contenedor) --
n servicios swarm: 29
con replicas 0   : 4

-- reparto por imagen, corriendo --
      6 postgres:17
      5 sosedoff/pgweb:0.16.2
      1 traefik:3.6.7
      1 n8nio/n8n:2.21.7
      1 easypanel/easypanel:latest
      1 easypanel/ambientalia_project/zoho-hub-sync:latest
      1 easypanel/ambientalia_project/sales-tracker:latest
      1 easypanel/ambientalia_project/landing-studio:latest
      1 easypanel/ambientalia_project/hub-test-app:latest
      1 easypanel/ambientalia_project/hub-api:latest
      1 easypanel/ambientalia_project/cita-servicio:latest
      1 easypanel/ambientalia_project/ambientalia-web:latest
      1 easypanel/ambientalia_project/ambientalia-portal:latest
      1 easypanel/ambientalia_project/ambientalia-desk:latest
      1 easypanel/ambientalia_2026/fastapi_zoho:latest
      1 dbgate/dbgate:6.0.0

-- POSTGRES: derivado por imagen, no contado a mano --
n postgres:17 corriendo: 6
ambientalia_2026_postgres
ambientalia_project_citas-db
ambientalia_project_desk-db
ambientalia_project_landing-studio-db
ambientalia_project_sales-tracker-db
ambientalia_project_zoho-hub-db

-- swarm: cuantos NODOS --
srv1066825 Ready Leader
n nodos: 1

======== 3 · EL SERVICIO 'web' — LA EVIDENCIA DEL FALLO ========
-- existe la DEFINICION en Easypanel? --
SÍ  mtime=2026-09-04 22:23:40
tamaño de web/code: 107M
-- existe el SERVICIO swarm? (los dos canales, §El principio) --
NO — declarado en Easypanel y NUNCA desplegado a swarm

-- cuantos INTENTOS de despliegue hubo? --
n intentos con log: 1
--- /etc/easypanel/actions/cmtnitav400dz07p8drjq5xxd.log  (2026-09-04 22:24:15) ---
### Download Github Archive Started...
### Fri, 04 Sep 2026 22:23:40 GMT
##########################################

curl: (23) Failure writing output to destination, passed 1370 returned 0

gzip: stdin: unexpected end of file
tar: Unexpected EOF in archive
tar: Unexpected EOF in archive
tar: Error is not recoverable: exiting now
##########################################
### Error
### Fri, 04 Sep 2026 22:24:15 GMT
##########################################

Command failed with exit code 2: tar -xz '--strip-components=1' -C /etc/easypanel/projects/ambientalia_project/web/code

======== 4 · CAMINOS DE ENTREGA DE IMAGEN ========
-- (a) REGISTRO: hay credenciales? --
NO — /root/.docker/config.json no existe: cero credenciales de registro

-- (b) IMAGEN LOCAL: swarm la acepta? Evidencia + control --
servicios corriendo con imagen local easypanel/*: 13
  EVIDENCIA — hub-api referencia:
    easypanel/ambientalia_project/hub-api
  y ese repo NO existe en ningún registro:
    errors:
    denied: requested access to the resource is denied
  CONTROL — n8n, imagen SÍ pública:
    n8nio/n8n:2.21.7

-- (c) docker load disponible? --
SÍ

-- (d) API del panel: se puede automatizar? --
GET /api/trpc/projects.listProjectsAndServices -> 401

======== 5 · EL ARTEFACTO — CUÁL LLEVAR ========
-- candidatas en el host --
ai-website-cloner:144-fix	2.02GB	2026-09-03 15:19:51 -0500 -05
ai-website-cloner:144-test	2.02GB	2026-09-03 14:00:46 -0500 -05
ai-website-cloner:145-publicfix	3.4GB	2026-09-04 13:56:03 -0500 -05
ai-website-cloner:dev	279MB	2026-08-11 07:44:07 -0500 -05

-- (a) SECRETO dentro (§regla 59), CON SUS DOS POLARIDADES (§regla 28d) --
  ai-website-cloner:144-test   n_env=1
  ai-website-cloner:144-fix    n_env=0
  ai-website-cloner:145-publicfix n_env=0
  (si 144-test no da >=1, la sonda está MUDA y su 0 no es ausencia)

-- (b) public/ (§regla 61: el defecto que deja los assets en 404) --
  ai-website-cloner:144-fix
    EXISTE /app/public (2755 ficheros)
    no existe /app/apps/web/public
  ai-website-cloner:145-publicfix
    no existe /app/public
    EXISTE /app/apps/web/public (2755 ficheros)

-- (c) de dónde sale el +1.38 GB de 145-publicfix --
    699MB      RUN /bin/sh -c mv /app/public /app/apps/web/public # buildkit
    1.43MB     COPY --chown=node:node /app/apps/web/.next/static ./apps/web/.next/sta
    257MB      COPY --chown=node:node /app/apps/web/.next/standalone ./ # buildkit

======== 6 · EL DOMINIO — LO QUE EL ESCALÓN 3 IBA A TOCAR ========
-- routers que reclaman web.ambientalia.cloud --
      2 "rule": "Host(`web.ambientalia.cloud/`) && PathPrefix(`/`)"
      2 "rule": "Host(`web.ambientalia.cloud`) && PathPrefix(`/`)"
-- y a qué servicio apunta cada uno --
      2         "service": "ambientalia_project_ambientalia-web-0",
      2         "service": "ambientalia_project_web-0",
-- QUÉ SIRVE HOY ese dominio (§El principio: la salida servida) --
  status=200  bytes=144327
  title: <title>Inicio | Ambientalia</title>

############ FIN PASO 0 ############
