═══ PASO 0 · 147.ª — EL TERRENO DE LA ENTREGA ═══

  host srv1066825 · kernel 6.8.0-136-generic · up 46 días
  reinicio pendiente: si  (NO se toca: cambiaría el terreno bajo la medida)

── CONTRASTE con las premisas del encargo ──
  ✓ disco total
      encargo:  96G
      derivado: 95.8G
  ✗ disco usado
      encargo:  20G
      derivado: 17.9G
      ⚠ terreno vivo: se mueve entre medidas
  ✓ disco libre
      encargo:  77G
      derivado: 77.9G
  ✗ disco % de uso
      encargo:  21%
      derivado: 19%
  · CPU
      encargo:  5 %
      derivado: 15 % (load1 0.30 sobre 2 núcleos)
      ⚠ la premisa no dice su denominador: 5 % de 1 núcleo y de 2 no son lo mismo
  · RAM
      encargo:  ~3 GB
      derivado: total 7940 MB · usada 3211 MB · disponible 4729 MB
      ⚠ «~3 GB» es cierto de lo USADO y falso del TOTAL — sin unidad, las dos lecturas se escriben igual
  ✓ DNS web.ambientalia.cloud
      encargo:  72.60.166.93
      derivado: 72.60.166.93
  ✗ el proxy responde
      encargo:  301
      derivado: 308
      ⚠ 301 y 308 son los dos «redirección permanente» y NO son el mismo byte (§regla del 301/308)

── EL CANAL DE ENTREGA ──
  repositorio PÚBLICO: SÍ  (api sin credenciales → 200)
  ¿el origen declara content-length?  NO — no declara ninguno
  ¿declara transfer-encoding?         NO
  etag: "ea4d74ff2ab1efae7437e6aced1ed310399eb2d83496b9f997928dab3b5bd99d"
  etag estable entre dos peticiones: SÍ

── EL ÁRBOL LOCAL (el denominador de «¿está completo?») ──
  HEAD 0f2fee3 · 7696 ficheros versionados (15 con nombre escapado) · pack 894.64 MiB

── HERRAMIENTAS EN EL VPS ──
  ausentes: ninguna

✓ congelado en docs/research/cola-larga/derivaciones/paso0-147.json
✓ evaluadas 8/8 premisas del encargo · 22 claves de terreno
