═══ 1 · LA UNIÓN QUE SE PRUEBA — derivada de bloques/paginas.ts
  11 bloques: texto-pagina · imagen-pagina · boton-pagina · codigo · toggle · video-pagina · blurb · slider-completo · slider · mapa · icono
  correspondencias declaradas: 11 tipos de Divi
  tipos vistos en el corpus SIN correspondencia: 0

═══ 2 · EL RESULTADO **POR RÉGIMEN** — el reparto nunca es uniforme
  régimen                n  expresadas  NO expresadas
  BUILDER (B-)          22          22              0
  HIBRIDO (BT)           8           8              0
  PLANTILLADO (-T)       1           0              1
  SIN MARCADOR (--)      1           0              1
  TOTAL                 32          30              2

  módulos de contenido: 313 · expresados por un bloque: 313

═══ 3 · LAS QUE LA UNIÓN NO EXPRESA — NOMBRADAS, no contadas

  ❌ /es/politica-de-seguridad-de-la-informacion/
     grupo sueltas · régimen SIN MARCADOR (--)
     · SIN CAPA PROPIA y CON CONTENIDO: 8387 caracteres en `entry-content`, etiquetas p,h2,ul,li,b — la unión NO tiene campo donde ponerlo

  ❌ /es/redes-hibridas-de-calidad-del-aire-grabacion-webinar/
     grupo sueltas · régimen PLANTILLADO (-T)
     · SIN CAPA PROPIA y CON CONTENIDO: 5749 caracteres en `et_pb_post_content`, etiquetas h2,span,p,iframe,br,a,h3,div,img,section,ul,li,article — la unión NO tiene campo donde ponerlo

═══ 4 · TODAS, con su régimen
  ✅ HIBRIDO (BT)         hubs-KB   /es/centro-de-ayuda/kunak-air-cloud/                                     S 5 M  8
  ✅ HIBRIDO (BT)         hubs-KB   /es/centro-de-ayuda/kunak-air/                                           S 7 M 10
  ✅ HIBRIDO (BT)         hubs-KB   /es/centro-de-ayuda/kunak-air/articulos-de-ayuda/                        S 1 M  3
  ✅ HIBRIDO (BT)         hubs-KB   /es/centro-de-ayuda/kunak-air/video-tutoriales/                          S 7 M 21
  ✅ HIBRIDO (BT)         hubs-KB   /es/soporte/centro-de-ayuda/                                             S11 M 21
  ✅ HIBRIDO (BT)         hubs-KB   /es/soporte/centro-de-ayuda/kunak-air-cloud/articulos-de-ayuda/          S 1 M  3
  ✅ HIBRIDO (BT)         hubs-KB   /es/soporte/centro-de-ayuda/kunak-air-cloud/video-tutoriales/            S 5 M 15
  ✅ BUILDER (B-)         hubs-L4   /es/productos/                                                           S 2 M 24
  ✅ BUILDER (B-)         hubs-L4   /es/sectores/                                                            S 3 M  6
  ✅ BUILDER (B-)         hubs-L4   /es/recursos/                                                            S 4 M 13
  ✅ BUILDER (B-)         hubs-L4   /es/recursos/kunakpedia/                                                 S 2 M  7
  ✅ BUILDER (B-)         hubs-L4   /es/recursos/documentos-cientificos/                                     S 3 M  6
  ✅ BUILDER (B-)         hubs-L4   /es/recursos/preguntas-frecuentes/                                       S 2 M  7
  ✅ BUILDER (B-)         sueltas   /es/aviso-legal/                                                         S 1 M 14
  ✅ BUILDER (B-)         sueltas   /es/contacto/                                                            S 4 M 12
  ✅ BUILDER (B-)         sueltas   /es/descarga-catalogo/                                                   S 1 M  2
  ✅ BUILDER (B-)         sueltas   /es/empresa/                                                             S11 M 60
  ✅ BUILDER (B-)         sueltas   /es/empresa/premios-y-reconocimientos/                                   S 2 M 33
  ✅ BUILDER (B-)         sueltas   /es/informe-tecnico-control-de-la-calidad-del-aire-en-ciudades/          S 1 M  2
  ✅ BUILDER (B-)         sueltas   /es/informe-tecnico-control-de-la-calidad-del-aire-en-industria/         S 1 M  2
  ✅ BUILDER (B-)         sueltas   /es/informe-tecnico-control-de-la-calidad-del-aire-en-las-minas/         S 1 M  3
  ✅ BUILDER (B-)         sueltas   /es/informe-tecnico-control-de-la-calidad-del-aire-en-obras/             S 1 M  2
  ✅ BUILDER (B-)         sueltas   /es/informe-tecnico-control-de-la-calidad-del-aire-en-puertos/           S 1 M  3
  ✅ BUILDER (B-)         sueltas   /es/newsletter/                                                          S 1 M  3
  ✅ BUILDER (B-)         sueltas   /es/politica-de-cookies/                                                 S 1 M  8
  ✅ BUILDER (B-)         sueltas   /es/politica-de-privacidad-y-de-proteccion-de-datos/                     S 1 M  2
  ❌ SIN MARCADOR (--)    sueltas   /es/politica-de-seguridad-de-la-informacion/                             S 0 M  0
  ❌ PLANTILLADO (-T)     sueltas   /es/redes-hibridas-de-calidad-del-aire-grabacion-webinar/                S 0 M  0
  ✅ HIBRIDO (BT)         sueltas   /es/sistema-interno-de-informacion/                                      S 1 M  1
  ✅ BUILDER (B-)         sueltas   /es/soporte/                                                             S 2 M  9
  ✅ BUILDER (B-)         sueltas   /es/soporte/servicio-de-reparacion/                                      S 2 M 10
  ✅ BUILDER (B-)         sueltas   /es/suscribete/                                                          S 1 M  3

═══ 5 · LO QUE ESTA PRUEBA **NO** CONTESTA
  · no dice si el render CUADRA: es extracción, no geometría. 0 ejes de estas 32
    están comparados contra el original (COBERTURA-MEDICION)
  · no dice si los CAMPOS de cada bloque bastan — dice que el TIPO existe.
    Ejemplo declarado: la retícula de `blurb` trae `iconos-md-4` (8/22) y el
    enum de KB no lo tiene (F3-3-RETICULA-BLURB)
  · no dice nada de las 16 no-páginas ni de los 13 redirects

⚠ CORTE LIMPIO 2: 2 de 32 documentos NO se expresan. Sube al propietario.
