═══ simetria-f33 · cerrar los TRES canales, leído por DISTANCIA

  ANTES = f33-cmp-{A}-CADUCADA-RED-CORTADA-EN-UN-SOLO-LADO-imagen-fuente-31-de-31.json
  AHORA = f33-cmp-{A}.json

─── 1440 ────────────────────────────────────────────────────────────
  llaves            antes 2441 · ahora 2441 · sólo antes 0 · sólo ahora 0
  pares comparables 2107
  ACERCAN           113   (de ellos, a Δ0 exacto: 6)
  ALEJAN            112   (de ellos, desde Δ0: 23)
  iguales           1882
  Σ|clon−orig|      365362.63 → 356762.68   (-8599.95)
  se movió el lado  ORIGINAL 245 · CLON 3
     ↑ el reparto por LADO es el control de ATRIBUCIÓN: un arreglo del montaje del original
       no puede mover el clon, y uno del clon no puede mover el original. Si los dos se mueven,
       el par mezcla DOS cambios y su Δ no se puede atribuir (§la causa común, en el instrumento).
  los que se ALEJAN, NOMBRADOS (112):
     ↑ /es/empresa/premios-y-reconocimientos/|mod31.h                 |Δ|     130.78 →     678.81
     ↑ /es/sistema-interno-de-informacion/|caja.sec0.h                |Δ|    1359.40 →    1717.93
     ↑ /es/sistema-interno-de-informacion/|mod0.h                     |Δ|    1344.61 →    1703.14
     ↑ /es/sistema-interno-de-informacion/|docH                       |Δ|    1584.00 →    1942.00
     ↑ /es/empresa/premios-y-reconocimientos/|mod5.h                  |Δ|      23.25 →     338.81
     ↑ /es/empresa/|mod5.h                                            |Δ|       6.00 →     319.31
     ↑ /es/productos/|mod7.h                                          |Δ|      14.59 →     281.68
     ↑ /es/productos/|mod10.h                                         |Δ|      14.59 →     281.68
     ↑ /es/productos/|mod13.h                                         |Δ|      14.59 →     281.68
     ↑ /es/productos/|mod16.h                                         |Δ|      14.59 →     281.68
     ↑ /es/productos/|mod19.h                                         |Δ|      14.59 →     281.68
     ↑ /es/productos/|mod22.h                                         |Δ|      14.59 →     281.68
     … y 100 más
  los 10 que más se movieron:
     ↓ /es/centro-de-ayuda/kunak-air/video-tutoriales/|docH           |Δ|    1780.00 →     425.00
     ↓ /es/empresa/premios-y-reconocimientos/|docH                    |Δ|    1779.00 →     480.00
     ↓ /es/empresa/|docH                                              |Δ|   12642.00 →   11545.00
     ↓ /es/centro-de-ayuda/kunak-air/video-tutoriales/|caja.sec0.h    |Δ|    1203.51 →     152.21
     ↓ /es/soporte/centro-de-ayuda/kunak-air-cloud/video-tutoriales/|docH |Δ|    1148.00 →     245.00
     ↓ /es/soporte/centro-de-ayuda/kunak-air-cloud/video-tutoriales/|caja.sec0.h |Δ|     792.27 →     111.54
     ↓ /es/productos/|docH                                            |Δ|     732.00 →     141.00
     ↑ /es/empresa/premios-y-reconocimientos/|mod31.h                 |Δ|     130.78 →     678.81
     ↓ /es/descarga-catalogo/|mod1.h                                  |Δ|     374.08 →       0.00
     ↑ /es/sistema-interno-de-informacion/|caja.sec0.h                |Δ|    1359.40 →    1717.93

─── 390 ────────────────────────────────────────────────────────────
  llaves            antes 2441 · ahora 2441 · sólo antes 0 · sólo ahora 0
  pares comparables 2107
  ACERCAN           122   (de ellos, a Δ0 exacto: 7)
  ALEJAN            119   (de ellos, desde Δ0: 23)
  iguales           1866
  Σ|clon−orig|      322097.89 → 310521.32   (-11576.57)
  se movió el lado  ORIGINAL 268 · CLON 3
     ↑ el reparto por LADO es el control de ATRIBUCIÓN: un arreglo del montaje del original
       no puede mover el clon, y uno del clon no puede mover el original. Si los dos se mueven,
       el par mezcla DOS cambios y su Δ no se puede atribuir (§la causa común, en el instrumento).
  los que se ALEJAN, NOMBRADOS (119):
     ↑ /es/sistema-interno-de-informacion/|caja.sec0.h                |Δ|    2294.20 →    3203.42
     ↑ /es/sistema-interno-de-informacion/|mod0.h                     |Δ|    2279.41 →    3188.62
     ↑ /es/sistema-interno-de-informacion/|docH                       |Δ|    3191.00 →    4099.00
     ↑ /es/centro-de-ayuda/kunak-air/articulos-de-ayuda/|docH         |Δ|     104.00 →     421.00
     ↑ /es/soporte/centro-de-ayuda/kunak-air-cloud/articulos-de-ayuda/|docH |Δ|     338.00 →     655.00
     ↑ /es/aviso-legal/|caja.sec0.h                                   |Δ|     512.40 →     818.34
     ↑ /es/aviso-legal/|docH                                          |Δ|     510.00 →     815.00
     ↑ /es/politica-de-seguridad-de-la-informacion/|docH              |Δ|    2686.00 →    2933.00
     ↑ /es/productos/|mod7.h                                          |Δ|      14.59 →     254.49
     ↑ /es/productos/|mod10.h                                         |Δ|      14.59 →     254.49
     ↑ /es/productos/|mod13.h                                         |Δ|      14.59 →     254.49
     ↑ /es/productos/|mod16.h                                         |Δ|      14.59 →     254.49
     … y 107 más
  los 10 que más se movieron:
     ↓ /es/empresa/premios-y-reconocimientos/|docH                    |Δ|    4505.00 →    1555.00
     ↓ /es/productos/|docH                                            |Δ|    2262.00 →     444.00
     ↓ /es/centro-de-ayuda/kunak-air/video-tutoriales/|caja.sec0.h    |Δ|    1088.10 →      53.85
     ↓ /es/centro-de-ayuda/kunak-air/video-tutoriales/|docH           |Δ|    1350.00 →     317.00
     ↑ /es/sistema-interno-de-informacion/|caja.sec0.h                |Δ|    2294.20 →    3203.42
     ↑ /es/sistema-interno-de-informacion/|mod0.h                     |Δ|    2279.41 →    3188.62
     ↑ /es/sistema-interno-de-informacion/|docH                       |Δ|    3191.00 →    4099.00
     ↓ /es/empresa/|docH                                              |Δ|    5506.00 →    4643.00
     ↓ /es/soporte/centro-de-ayuda/kunak-air-cloud/video-tutoriales/|caja.sec0.h |Δ|     820.13 →     100.03
     ↓ /es/soporte/centro-de-ayuda/kunak-air-cloud/video-tutoriales/|docH |Δ|     760.00 →      41.00

