==============================================================================
131.ª · ESCALÓN 1 — ¿queda contenido SIN SITIO en `arquetipos`?
==============================================================================

## PRODUCTO
   trozos de contenido: 763 | módulos de primer nivel: 90
   N1 · fuera de todo módulo ...... 2 trozos (80 chars de texto)
   N2 · tipos SIN bloque .......... 8 → et_pb_text, et_pb_image, et_pb_button, et_pb_fullwidth_slider, et_pb_cta, et_pb_gallery, et_pb_video, et_pb_code
   N3 · canales SIN campo ......... 0
        N1 ❗ texto  «<!-- Google Tag Manager (noscript) -->»
        N1 ❗ texto  «<!-- End Google Tag Manager (noscript) -->»

## CATALOGO
   trozos de contenido: 281 | módulos de primer nivel: 35
   N1 · fuera de todo módulo ...... 2 trozos (80 chars de texto)
   N2 · tipos SIN bloque .......... 3 → et_pb_text, et_pb_image, et_pb_button
   N3 · canales SIN campo ......... 0
        N1 ❗ texto  «<!-- Google Tag Manager (noscript) -->»
        N1 ❗ texto  «<!-- End Google Tag Manager (noscript) -->»

## SOFTWARE
   trozos de contenido: 227 | módulos de primer nivel: 70
   N1 · fuera de todo módulo ...... 2 trozos (80 chars de texto)
   N2 · tipos SIN bloque .......... 6 → et_pb_text, et_pb_image, et_pb_button, et_pb_slider, et_pb_fullwidth_slider, et_pb_video
   N3 · canales SIN campo ......... 0
        N1 ❗ texto  «<!-- Google Tag Manager (noscript) -->»
        N1 ❗ texto  «<!-- End Google Tag Manager (noscript) -->»

## SOFTWARE-corta
   trozos de contenido: 126 | módulos de primer nivel: 36
   N1 · fuera de todo módulo ...... 2 trozos (80 chars de texto)
   N2 · tipos SIN bloque .......... 4 → et_pb_text, et_pb_image, et_pb_button, et_pb_fullwidth_slider
   N3 · canales SIN campo ......... 0
        N1 ❗ texto  «<!-- Google Tag Manager (noscript) -->»
        N1 ❗ texto  «<!-- End Google Tag Manager (noscript) -->»

## CONTROLES
   ✅ el MODELO se deriva del fuente (bloques y su tipo de Divi)
        11 bloques · 4 tipos mapeados
   ✅ §sondas 4bis · la comprobación RECORRIÓ trozos (0 recorrido no puede salir verde)
        1397 trozos en 4 documentos
   ✅ cada documento aporta módulos de primer nivel (el recorrido no está mudo)
        PRODUCTO 90 · CATALOGO 35 · SOFTWARE 70 · SOFTWARE-corta 36

==============================================================================
VEREDICTO · contenido SIN SITIO = 29   (N1 8 · N2 21 · N3 0)
  ❗ queda contenido SIN SITIO — §DÓNDE CORTAR LIMPIO: tras el ESCALÓN 1.
==============================================================================

congelado: docs/research/cola-larga/derivaciones/sin-sitio-131.json
