
⚠ SABOTAJE=campo-fuera — esta corrida DEBE fallar.

==============================================================================
131.ª · ESCALÓN 1 — ¿queda contenido SIN SITIO en `arquetipos`?
==============================================================================

## PRODUCTO
   trozos de contenido: 761 | módulos de primer nivel: 90
   N1 · fuera de todo módulo ...... 0 trozos (0 chars de texto)
   N2 · tipos SIN bloque .......... 0
   N3 · canales SIN campo ......... 38
        N3 ❗ img en et_pb_image (imagen-arq) «https://kunakair.com/wp-content/uploads/2022/12/punteado.svg»
        N3 ❗ img en et_pb_text (texto-arq) «https://kunakair.com/wp-content/uploads/2023/03/kunak360_IMG_01.jpg»
        N3 ❗ img en et_pb_image (imagen-arq) «https://kunakair.com/wp-content/uploads/2024/01/ganador-airlab-2021-20»
        N3 ❗ img en et_pb_image (imagen-arq) «https://kunakair.com/wp-content/uploads/2022/12/punteado.svg»
        N3 ❗ img en et_pb_image (imagen-arq) «https://kunakair.com/wp-content/uploads/2022/12/kunak_air_pro_completo»
        N3 ❗ img en et_pb_image (imagen-arq) «https://kunakair.com/wp-content/uploads/2022/12/punteado.svg»

## CATALOGO
   trozos de contenido: 279 | módulos de primer nivel: 35
   N1 · fuera de todo módulo ...... 0 trozos (0 chars de texto)
   N2 · tipos SIN bloque .......... 0
   N3 · canales SIN campo ......... 22
        N3 ❗ img en et_pb_image (imagen-arq) «https://kunakair.com/wp-content/uploads/2022/12/punteado.svg»
        N3 ❗ img en et_pb_image (imagen-arq) «https://kunakair.com/wp-content/uploads/2023/03/kunak-air-accessories.»
        N3 ❗ img en et_pb_image (imagen-arq) «https://kunakair.com/wp-content/uploads/2022/12/punteado.svg»
        N3 ❗ img en et_pb_image (imagen-arq) «https://kunakair.com/wp-content/uploads/2022/12/punteado.svg»
        N3 ❗ img en et_pb_text (texto-arq) «https://kunakair.com/wp-content/uploads/2022/12/kunak_IMG_0017-300x300»
        N3 ❗ img en et_pb_text (texto-arq) «https://kunakair.com/wp-content/uploads/2022/12/kunak_IMG_0015-300x300»

## SOFTWARE
   trozos de contenido: 225 | módulos de primer nivel: 70
   N1 · fuera de todo módulo ...... 0 trozos (0 chars de texto)
   N2 · tipos SIN bloque .......... 0
   N3 · canales SIN campo ......... 10
        N3 ❗ img en et_pb_image (imagen-arq) «https://kunakair.com/wp-content/uploads/2022/12/punteado.svg»
        N3 ❗ img en et_pb_image (imagen-arq) «https://kunakair.com/wp-content/uploads/2023/02/industrial-woman-engin»
        N3 ❗ img en et_pb_image (imagen-arq) «https://kunakair.com/wp-content/uploads/2022/12/punteado.svg»
        N3 ❗ img en et_pb_image (imagen-arq) «https://kunakair.com/wp-content/uploads/2023/04/kunak-cloud-dispositiv»
        N3 ❗ img en et_pb_image (imagen-arq) «https://kunakair.com/wp-content/uploads/2022/12/punteado.svg»
        N3 ❗ img en et_pb_image (imagen-arq) «https://kunakair.com/wp-content/uploads/2022/12/punteado.svg»

## SOFTWARE-corta
   trozos de contenido: 124 | módulos de primer nivel: 36
   N1 · fuera de todo módulo ...... 0 trozos (0 chars de texto)
   N2 · tipos SIN bloque .......... 0
   N3 · canales SIN campo ......... 9
        N3 ❗ img en et_pb_image (imagen-arq) «https://kunakair.com/wp-content/uploads/2022/12/punteado.svg»
        N3 ❗ img en et_pb_image (imagen-arq) «https://kunakair.com/wp-content/uploads/2023/02/kunak-api.jpg»
        N3 ❗ img en et_pb_image (imagen-arq) «https://kunakair.com/wp-content/uploads/2022/12/punteado.svg»
        N3 ❗ img en et_pb_image (imagen-arq) «https://kunakair.com/wp-content/uploads/2022/12/punteado.svg»
        N3 ❗ img en et_pb_image (imagen-arq) «https://kunakair.com/wp-content/uploads/2022/12/punteado.svg»
        N3 ❗ img en et_pb_text (texto-arq) «https://kunakair.com/wp-content/uploads/2025/03/Industria-petroquimica»

## CONTROLES
   ✅ el MODELO se deriva del fuente, y los destinos de A_SLUG EXISTEN en la unión
        11 bloques · 11 tipos mapeados · 0 destinos muertos
   ✅ los campos RICOS se derivan del fuente (`campoHtml`), no se listan
        7 bloques con campo rico: texto-arq · icono-arq · slider-ancho-arq · slider-arq · codigo-arq · cta-arq · tabla-arq
   ✅ §sondas 4bis · la comprobación RECORRIÓ trozos (0 recorrido no puede salir verde)
        1389 trozos en 4 documentos
   ✅ cada documento aporta módulos de primer nivel (el recorrido no está mudo)
        PRODUCTO 90 · CATALOGO 35 · SOFTWARE 70 · SOFTWARE-corta 36

==============================================================================
VEREDICTO · contenido SIN SITIO = 79   (N1 0 · N2 0 · N3 79)
  ❗ queda contenido SIN SITIO — §DÓNDE CORTAR LIMPIO: tras el ESCALÓN 1.
==============================================================================

congelado: docs/research/cola-larga/derivaciones/sin-sitio-131-neg-campo-fuera.json
