==============================================================================
131.ª · ESCALÓN 1 — ¿queda contenido SIN SITIO en `arquetipos`?
==============================================================================

## PRODUCTO
   trozos de contenido: 761 | módulos de primer nivel: 90
   N1 · fuera de todo módulo ...... 0 trozos (0 chars de texto)
   N2 · tipos SIN bloque .......... 0
   N3 · canales SIN campo ......... 31
        N3 ❗ img en et_pb_text (texto-arq) «https://kunakair.com/wp-content/uploads/2023/03/kunak360_IMG_01.jpg»
        N3 ❗ img en et_pb_text (texto-arq) «https://kunakair.com/wp-content/uploads/2023/01/urban-2.svg»
        N3 ❗ img en et_pb_text (texto-arq) «https://kunakair.com/wp-content/uploads/2023/01/industry.svg»
        N3 ❗ img en et_pb_text (texto-arq) «https://kunakair.com/wp-content/uploads/2023/02/ports-airports-2.svg»
        N3 ❗ img en et_pb_text (texto-arq) «https://kunakair.com/wp-content/uploads/2023/01/construction.svg»
        N3 ❗ img en et_pb_text (texto-arq) «https://kunakair.com/wp-content/uploads/2023/01/mining.svg»

## CATALOGO
   trozos de contenido: 279 | módulos de primer nivel: 35
   N1 · fuera de todo módulo ...... 0 trozos (0 chars de texto)
   N2 · tipos SIN bloque .......... 0
   N3 · canales SIN campo ......... 15
        N3 ❗ img en et_pb_text (texto-arq) «https://kunakair.com/wp-content/uploads/2022/12/kunak_IMG_0017-300x300»
        N3 ❗ img en et_pb_text (texto-arq) «https://kunakair.com/wp-content/uploads/2022/12/kunak_IMG_0015-300x300»
        N3 ❗ img en et_pb_text (texto-arq) «https://kunakair.com/wp-content/uploads/2022/12/kunak-air-indoor-charg»
        N3 ❗ img en et_pb_text (texto-arq) «https://kunakair.com/wp-content/uploads/2022/12/kunak_IMG_0047-copia-3»
        N3 ❗ img en et_pb_text (texto-arq) «https://kunakair.com/wp-content/uploads/2022/12/kunak_IMG_0061-copia-3»
        N3 ❗ img en et_pb_text (texto-arq) «https://kunakair.com/wp-content/uploads/2022/12/rain-gauge.jpg»

## SOFTWARE
   trozos de contenido: 225 | módulos de primer nivel: 70
   N1 · fuera de todo módulo ...... 0 trozos (0 chars de texto)
   N2 · tipos SIN bloque .......... 0
   N3 · canales SIN campo ......... 3
        N3 ❗ img en et_pb_text (texto-arq) «https://kunakair.com/wp-content/uploads/2021/09/conferencia-de-las-par»
        N3 ❗ img en et_pb_text (texto-arq) «https://kunakair.com/wp-content/uploads/2020/09/contaminacion-del-aire»
        N3 ❗ img en et_pb_text (texto-arq) «https://kunakair.com/wp-content/uploads/2025/02/Control-de-la-contamin»

## SOFTWARE-corta
   trozos de contenido: 124 | módulos de primer nivel: 36
   N1 · fuera de todo módulo ...... 0 trozos (0 chars de texto)
   N2 · tipos SIN bloque .......... 0
   N3 · canales SIN campo ......... 3
        N3 ❗ img en et_pb_text (texto-arq) «https://kunakair.com/wp-content/uploads/2025/03/Industria-petroquimica»
        N3 ❗ img en et_pb_text (texto-arq) «https://kunakair.com/wp-content/uploads/2020/08/donostia-urban-air-qua»
        N3 ❗ img en et_pb_text (texto-arq) «https://kunakair.com/wp-content/uploads/2020/09/semana-movilidad-europ»

## CONTROLES
   ✅ el MODELO se deriva del fuente, y los destinos de A_SLUG EXISTEN en la unión
        11 bloques · 11 tipos mapeados · 0 destinos muertos
   ✅ §sondas 4bis · la comprobación RECORRIÓ trozos (0 recorrido no puede salir verde)
        1389 trozos en 4 documentos
   ✅ cada documento aporta módulos de primer nivel (el recorrido no está mudo)
        PRODUCTO 90 · CATALOGO 35 · SOFTWARE 70 · SOFTWARE-corta 36

==============================================================================
VEREDICTO · contenido SIN SITIO = 52   (N1 0 · N2 0 · N3 52)
  ❗ queda contenido SIN SITIO — §DÓNDE CORTAR LIMPIO: tras el ESCALÓN 1.
==============================================================================

congelado: docs/research/cola-larga/derivaciones/sin-sitio-131.json
